// Vitest Snapshot v1, https://vitest.dev/guide/snapshot.html

exports[`essai 1`] = `
<main>
  
    
  <hello-hello
    userid="10"
  />
  
  
</main>
`;
